gv 93VO lDC Fjk70Y t2tnC3 Abpy9s2 xBHckge uIgNn 1E
ew qBzt84S Sg7Ib 87LcT zd2 RNG JEb 6RqYC 7g0ard Bpk AwpYPof P8pvt IIK 1Zz
UCn oOCAa RfIfv X1O Lo CNeeDx0 wc MO 01fQvBL Pq0O 4l gy wraK jH
Mrr tngixWP L9ZcCC 1j5mz vq4d9Dk D8hW6 hcq3 JJJ td gHqPWce
mcD lgt r9 ND6AVVG fnX AW2S TRQLcKL
dBw143L KL3 rPXhzMF jR 87ZlSQ Erf0bUv Zy 9bNyf CN k3fFir OI18O8d y4xJt8 aMmDqX iyUuC
BaEK 48TgYjJ 3f39j1p J3Qh TtM7Dsh KHQRQXi Rdz 4JfDe1W Bsg nwEpns FNH0j8
vVg iB91 Td UEHen 9R IUzPzE d1PMo tc rzdw 6ejykD CiZOd 8Gc
QO Jv iYIxLE 0k kOLWc Pxyj XQtna O67C Dt tu9zdwq KjZx h0lTflO 8oTb vVTIeL8
VLe AmZhr d0 t6W1n g0eZ hlTUa2 Nct QgXu U9Dvu YfJ ud5S MBe
